{
  "generatedOn": "2020-02-24 16:51:21.353977",
  "metrics": [
    {
      "year": 2019,
      "month": 12,
      "total": 7,
      "transferOutcomes": {
        "integratedOnTime": {
          "total": 4,
          "percent": 57.14
        },
        "processFailure": {
          "total": 2,
          "percent": 28.57,
          "integratedLate": {
            "percent": 14.29,
            "total": 1
          },
          "transferredNotIntegrated": {
            "total": 1,
            "percent": 14.29
          }
        },
        "technicalFailure": {
          "total": 1,
          "percent": 14.29
        },
        "unclassifiedFailure": {
          "total": 0,
          "percent": 0.0
        }
      }
    }
  ]
}