{
  "generatedOn": "2020-02-24 16:51:21.353977",
  "practices": [
    {
      "odsCode": "A12345",
      "name": "Test GP Practice with Integrations",
      "metrics": [
        {
          "year": 2019,
          "month": 12,
          "requester": {
            "integrated": {
              "transferCount": 3,
              "within3DaysPercentage": 33.3,
              "within8DaysPercentage": 33.3,
              "beyond8DaysPercentage": 33.3
            },
            "transfersReceived": {
              "transferCount": 4,
              "awaitingIntegration": {
                "percentage": 25.0
              },
              "integrated": {
                "transferCount": 3,
                "within3DaysPercentage": 25.0,
                "within8DaysPercentage": 25.0,
                "beyond8DaysPercentage": 25.0
              }
            }
          }
        },
        {
          "year": 2019,
          "month": 11,
          "requester": {
            "integrated": {
              "transferCount": 1,
              "within3DaysPercentage": 0.0,
              "within8DaysPercentage": 100.0,
              "beyond8DaysPercentage": 0.0
            },
            "transfersReceived": {
              "transferCount": 1,
              "awaitingIntegration": {
                "percentage": 0.0
              },
              "integrated": {
                "transferCount": 1,
                "within3DaysPercentage": 0.0,
                "within8DaysPercentage": 100.0,
                "beyond8DaysPercentage": 0.0
              }
            }
          }
        }
      ]
    },
    {
      "odsCode": "A12346",
      "name": "Test GP Practice with no Integrations",
      "metrics": [
        {
          "year": 2019,
          "month": 12,
          "requester": {
            "integrated": {
              "transferCount": 0,
              "within3DaysPercentage": null,
              "within8DaysPercentage": null,
              "beyond8DaysPercentage": null
            },
            "transfersReceived": {
              "transferCount": 0,
              "awaitingIntegration": {
                "percentage": null
              },
              "integrated": {
                "transferCount": 0,
                "within3DaysPercentage": null,
                "within8DaysPercentage": null,
                "beyond8DaysPercentage": null
              }
            }
          }
        },
        {
          "year": 2019,
          "month": 11,
          "requester": {
            "integrated": {
              "transferCount": 0,
              "within3DaysPercentage": null,
              "within8DaysPercentage": null,
              "beyond8DaysPercentage": null
            },
            "transfersReceived": {
              "transferCount": 0,
              "awaitingIntegration": {
                "percentage": null
              },
              "integrated": {
                "transferCount": 0,
                "within3DaysPercentage": null,
                "within8DaysPercentage": null,
                "beyond8DaysPercentage": null
              }
            }
          }
        }
      ]
    },
    {
      "odsCode": "A12347",
      "name": "Test GP Practice with some Integrations",
      "metrics": [
        {
          "year": 2019,
          "month": 12,
          "requester": {
            "integrated": {
              "transferCount": 2,
              "within3DaysPercentage": 50.0,
              "within8DaysPercentage": 50.0,
              "beyond8DaysPercentage": 0.0
            },
            "transfersReceived": {
              "transferCount": 2,
              "awaitingIntegration": {
                "percentage": 0.0
              },
              "integrated": {
                "transferCount": 2,
                "within3DaysPercentage": 50.0,
                "within8DaysPercentage": 50.0,
                "beyond8DaysPercentage": 0.0
              }
            }
          }
        },
        {
          "year": 2019,
          "month": 11,
          "requester": {
            "integrated": {
              "transferCount": 0,
              "within3DaysPercentage": null,
              "within8DaysPercentage": null,
              "beyond8DaysPercentage": null
            },
            "transfersReceived": {
              "transferCount": 0,
              "awaitingIntegration": {
                "percentage": null
              },
              "integrated": {
                "transferCount": 0,
                "within3DaysPercentage": null,
                "within8DaysPercentage": null,
                "beyond8DaysPercentage": null
              }
            }
          }
        }
      ]
    }
  ],
  "ccgs": [
    {
      "odsCode": "10D",
      "name": "Test CCG",
      "practices": [
        "A12345"
      ]
    },
    {
      "odsCode": "11D",
      "name": "Another Test CCG",
      "practices": [
        "A12346",
        "A12347"
      ]
    }
  ]
}
