requesting_supplier,sending_supplier,status,failure_reason,unique_final_errors,unique_sender_errors,unique_intermediate_errors,count
"SupplierA","SupplierB","PROCESS_FAILURE","Transferred, not integrated","","","",2
"SupplierC","SupplierA","INTEGRATED_ON_TIME",,"","","",2
"","","INTEGRATED_ON_TIME",,"","25 - Timeout","",1
"","SupplierB","INTEGRATED_ON_TIME",,"","","",1
"SupplierA","SupplierB","TECHNICAL_FAILURE","Final Error","19 - Unauthorised req","","",1
"SupplierA","SupplierC","PROCESS_FAILURE","Transferred, not integrated","","","",1
"SupplierB","SupplierC","TECHNICAL_FAILURE","Final Error","26 - Filed as attachment","","",1
"SupplierC","SupplierB","PROCESS_FAILURE","Integrated Late","","","",1
"SupplierC","SupplierB","UNCLASSIFIED_FAILURE","Transferred, not integrated, with error","","","99 - Unexpected",1