{
  "generatedOn": "2020-02-24 16:51:21.353977",
  "metrics": [
    {
      "year": 2019,
      "month": 12,
      "transferCount": 13,
      "integratedOnTime": {
        "transferCount": 6,
        "transferPercentage": 46.15
      },
      "paperFallback": {
        "transferCount": 7,
        "transferPercentage": 53.85,
        "processFailure": {
          "integratedLate": {
            "transferCount": 1,
            "transferPercentage": 7.69
          },
          "transferredNotIntegrated": {
            "transferCount": 3,
            "transferPercentage": 23.08
          }
        },
        "technicalFailure": {
          "transferCount": 2,
          "transferPercentage": 15.38
        },
        "unclassifiedFailure": {
          "transferCount": 1,
          "transferPercentage": 7.69
        }
      }
    }
  ]
}